// Jest Snapshot v1, https://goo.gl/fbAQLP

exports[`App should match snapshot 1`] = `
<div>
  <h1>
    myTitle
  </h1>
  <h3>
    mySubtitle
  </h3>
</div>
`;
